git list:

1、git add file添加文件时出现这样错误：
fatal: Not a git repository (or any of the parent directories): .git
提示说没有.git这样一个目录，解决办法如下：
git init就可以了！

2、github上传时出现error: src refspec master does not match any解决办法
引起该错误的原因是，目录中没有文件，空目录是不能提交上去的
解决方法
touch README
git add README 
git commit -m 'first commit'
git push origin master

实际上
git init
这一步之后创建了一个名为.git的文件夹，不过它在默认状态下是隐藏的，系统将隐藏文件夹显示出来，可以看到有这样一个文件夹。

大致流程是：

    1、在github上创建项目

    2、使用git clone https://github.com/xxxxxxx/xxxxx.git克隆到本地

    3、编辑项目

    4、git add . （将改动添加到暂存区）

    5、git commit -m "提交说明"

    6、git push origin master 将本地更改推送到远程master分支。

    这样你就完成了向远程仓库的推送。

如果在github的remote上已经有了文件，会出现错误。此时应当先pull一下，即：
git pull origin master
然后再进行：
git push origin master

3、github中git push origin master出错：error: failed to push some refs to

很明显是：

本地没有update到最新版本的项目（git上有README.md文件没下载下来）

本地直接push所以会出错

$ git push -u origin master
Warning: Permanently added the RSA host key for IP address '192.30.252.122' to the list of known hosts.
Enter passphrase for key '/c/Users/Administrator/.ssh/id_rsa':
Enter passphrase for key '/c/Users/Administrator/.ssh/id_rsa':
Enter passphrase for key '/c/Users/Administrator/.ssh/id_rsa':
To git@github.com:csingf/Collection.git
 ! [rejected]        master -> master (fetch first)
error: failed to push some refs to 'git@github.com:csingf/Collection.git'
hint: Updates were rejected because the remote contains work that you do
hint: not have locally. This is usually caused by another repository pushing
hint: to the same ref. You may want to first integrate the remote changes
hint: (e.g., 'git pull ...') before pushing again.
hint: See the 'Note about fast-forwards' in 'git push --help' for details.

$ git pull
Warning: Permanently added the RSA host key for IP address '192.30.252.123' to the list of known hosts.
Enter passphrase for key '/c/Users/Administrator/.ssh/id_rsa':
warning: no common commits
remote: Counting objects: 5, done.
remote: Compressing objects: 100% (3/3), done.
remote: Total 5 (delta 0), reused 5 (delta 0), pack-reused 0
Unpacking objects: 100% (5/5), done.
From github.com:csingf/Collection
 * [new branch]      master     -> origin/master
There is no tracking information for the current branch.
Please specify which branch you want to merge with.
See git-pull(1) for details.

    git pull <remote> <branch>

If you wish to set tracking information for this branch you can do so with:

    git branch --set-upstream-to=origin/<branch> master

$ git pull origin
Enter passphrase for key '/c/Users/Administrator/.ssh/id_rsa':
You asked to pull from the remote 'origin', but did not specify
a branch. Because this is not the default configured remote
for your current branch, you must specify a branch on the command line.

$ git pull --rebase origin master
Enter passphrase for key '/c/Users/Administrator/.ssh/id_rsa':
From github.com:csingf/Collection
 * branch            master     -> FETCH_HEAD
First, rewinding head to replay your work on top of it...
Applying: wrote a gitabout file
Applying: add 1.5
Applying: wrote a gitlist.txt
Applying: add 1.5.1
Applying: add 1.5.1
Applying: add 1.6

$ git push -u origin master
Warning: Permanently added the RSA host key for IP address '192.30.252.121' to the list of known hosts.
Enter passphrase for key '/c/Users/Administrator/.ssh/id_rsa':
Counting objects: 18, done.
Delta compression using up to 3 threads.
Compressing objects: 100% (18/18), done.
Writing objects: 100% (18/18), 18.05 KiB | 0 bytes/s, done.
Total 18 (delta 9), reused 0 (delta 0)
To git@github.com:csingf/Collection.git
   b33a100..ccad52f  master -> master
Branch master set up to track remote branch master from origin.

Administrator@WIN7-20141217XX MINGW32 ~/gitcode (master)
$ git push origin master
Enter passphrase for key '/c/Users/Administrator/.ssh/id_rsa':
Everything up-to-date
